Microchip Technology Inc, v1.50 (B)

Tool Name:
  c:\program files (x86)\microchip\xc16\v1.50\bin\bin\..\bin/elf-ld.exe

Command:
  -p33FJ12GP202 \
  --mdfp=C:/Program Files (x86)/Microchip/MPLABX/v5.40/packs/Microchip/dsPIC33F-GP-MC_DFP/1.2.35/xc16 \
  -o \
  dist/default/production/LCD.X.production.elf \
  -Lc:/program files (x86)/microchip/xc16/v1.50/bin/bin/.. \
  -LC:/Program Files (x86)/Microchip/MPLABX/v5.40/packs/Microchip/dsPIC33F-GP-MC_DFP/1.2.35/xc16/bin/../support/PIC24H/gld \
  -LC:/Program Files (x86)/Microchip/MPLABX/v5.40/packs/Microchip/dsPIC33F-GP-MC_DFP/1.2.35/xc16/bin/../support/dsPIC33F/gld \
  -Lc:/program files (x86)/microchip/xc16/v1.50/bin/bin/../../lib \
  -Lc:/program files (x86)/microchip/xc16/v1.50/bin/bin/../../lib/PIC24E \
  -Lc:/program files (x86)/microchip/xc16/v1.50/bin/bin/../../support/PIC24E/gld \
  -Lc:/program files (x86)/microchip/xc16/v1.50/bin/bin/../../lib/PIC24F \
  -Lc:/program files (x86)/microchip/xc16/v1.50/bin/bin/../../support/PIC24F/gld \
  -Lc:/program files (x86)/microchip/xc16/v1.50/bin/bin/../../lib/PIC24H \
  -Lc:/program files (x86)/microchip/xc16/v1.50/bin/bin/../../support/PIC24H/gld \
  -Lc:/program files (x86)/microchip/xc16/v1.50/bin/bin/../../lib/dsPIC30F \
  -Lc:/program files (x86)/microchip/xc16/v1.50/bin/bin/../../support/dsPIC30F/gld \
  -Lc:/program files (x86)/microchip/xc16/v1.50/bin/bin/../../support/dsPIC33C/gld \
  -Lc:/program files (x86)/microchip/xc16/v1.50/bin/bin/../../lib/dsPIC33E \
  -Lc:/program files (x86)/microchip/xc16/v1.50/bin/bin/../../support/dsPIC33E/gld \
  -Lc:/program files (x86)/microchip/xc16/v1.50/bin/bin/../../lib/dsPIC33F \
  -Lc:/program files (x86)/microchip/xc16/v1.50/bin/bin/../../support/dsPIC33F/gld \
  build/default/production/LABO5_LCD.o \
  build/default/production/xlcd.o \
  --defsym=__MPLAB_BUILD=1 \
  -Tp33FJ12GP202.gld.00 \
  --stack=16 \
  --check-sections \
  --data-init \
  --pack-data \
  --handles \
  --isr \
  --no-gc-sections \
  --fill-upper=0 \
  --stackguard=16 \
  --no-force-link \
  --smart-io \
  -Map=dist/default/production/LCD.X.production.map \
  --report-mem \
  --memorysummary \
  dist/default/production/memoryfile.xml \
  -start-group \
  --library=lega-pic30-elf \
  --library=m-elf \
  --library=lega-c-elf \
  -end-group \

Archive member included because of file (symbol)

c:/program files (x86)/microchip/xc16/v1.50/bin/bin/../../lib\liblega-pic30-elf.a(crt0_standard.o)
                              (__resetPRI)
c:/program files (x86)/microchip/xc16/v1.50/bin/bin/../../lib\liblega-pic30-elf.a(data_init_standard.o)
                              c:/program files (x86)/microchip/xc16/v1.50/bin/bin/../../lib\liblega-pic30-elf.a(crt0_standard.o) (__data_init_standard)
c:/program files (x86)/microchip/xc16/v1.50/bin/bin/../../lib\liblega-pic30-elf.a(crt_start_mode_normal.Leo)
                              (__crt_start_mode_normal)
c:/program files (x86)/microchip/xc16/v1.50/bin/bin/../../lib\liblega-pic30-elf.a(delay32.Leo)
                              build/default/production/LABO5_LCD.o (___delay32)
c:/program files (x86)/microchip/xc16/v1.50/bin/bin/../../lib\liblega-c-elf.a(sprintf_cdnopuxX.XXeo)
                              build/default/production/xlcd.o (__sprintf_cdnopuxX)
c:/program files (x86)/microchip/xc16/v1.50/bin/bin/../../lib\liblega-c-elf.a(sprintf_cdfFnopuxX.XXeo)
                              build/default/production/xlcd.o (__sprintf_cdfFnopuxX)
c:/program files (x86)/microchip/xc16/v1.50/bin/bin/../../lib\liblega-c-elf.a(xprintf_cdnopuxX.XXeo)
                              c:/program files (x86)/microchip/xc16/v1.50/bin/bin/../../lib\liblega-c-elf.a(sprintf_cdnopuxX.XXeo) (___Printf_cdnopuxX)
c:/program files (x86)/microchip/xc16/v1.50/bin/bin/../../lib\liblega-c-elf.a(memcpy.XX_eo)
                              c:/program files (x86)/microchip/xc16/v1.50/bin/bin/../../lib\liblega-c-elf.a(sprintf_cdnopuxX.XXeo) (_memcpy)
c:/program files (x86)/microchip/xc16/v1.50/bin/bin/../../lib\liblega-c-elf.a(strchr.XX_eo)
                              c:/program files (x86)/microchip/xc16/v1.50/bin/bin/../../lib\liblega-c-elf.a(xprintf_cdnopuxX.XXeo) (_strchr)
c:/program files (x86)/microchip/xc16/v1.50/bin/bin/../../lib\liblega-c-elf.a(xputtxt.XX_eo)
                              c:/program files (x86)/microchip/xc16/v1.50/bin/bin/../../lib\liblega-c-elf.a(xprintf_cdnopuxX.XXeo) (__Puttxt)
c:/program files (x86)/microchip/xc16/v1.50/bin/bin/../../lib\liblega-c-elf.a(xvacopy.XX_eo)
                              c:/program files (x86)/microchip/xc16/v1.50/bin/bin/../../lib\liblega-c-elf.a(xprintf_cdnopuxX.XXeo) (__Vacopy)
c:/program files (x86)/microchip/xc16/v1.50/bin/bin/../../lib\liblega-c-elf.a(xputfld_cdnopuxX.XXeo)
                              c:/program files (x86)/microchip/xc16/v1.50/bin/bin/../../lib\liblega-c-elf.a(xprintf_cdnopuxX.XXeo) (___Putfld_cdnopuxX)
c:/program files (x86)/microchip/xc16/v1.50/bin/bin/../../lib\liblega-c-elf.a(xprintf_cdfFnopuxX.XXeo)
                              c:/program files (x86)/microchip/xc16/v1.50/bin/bin/../../lib\liblega-c-elf.a(sprintf_cdfFnopuxX.XXeo) (___Printf_cdfFnopuxX)
c:/program files (x86)/microchip/xc16/v1.50/bin/bin/../../lib\liblega-c-elf.a(xputfld_cdfFnopuxX.XXeo)
                              c:/program files (x86)/microchip/xc16/v1.50/bin/bin/../../lib\liblega-c-elf.a(xprintf_cdfFnopuxX.XXeo) (___Putfld_cdfFnopuxX)
c:/program files (x86)/microchip/xc16/v1.50/bin/bin/../../lib\liblega-c-elf.a(xldtob_cdfFnopuxX.XXeo)
                              c:/program files (x86)/microchip/xc16/v1.50/bin/bin/../../lib\liblega-c-elf.a(xputfld_cdfFnopuxX.XXeo) (___Ldtob_cdfFnopuxX)
c:/program files (x86)/microchip/xc16/v1.50/bin/bin/../../lib\liblega-c-elf.a(xgenld_cdfFnopuxX.XXeo)
                              c:/program files (x86)/microchip/xc16/v1.50/bin/bin/../../lib\liblega-c-elf.a(xldtob_cdfFnopuxX.XXeo) (___Genld_cdfFnopuxX)
c:/program files (x86)/microchip/xc16/v1.50/bin/bin/../../lib\liblega-c-elf.a(div.XX_eo)
                              c:/program files (x86)/microchip/xc16/v1.50/bin/bin/../../lib\liblega-c-elf.a(xgenld_cdfFnopuxX.XXeo) (_div)
c:/program files (x86)/microchip/xc16/v1.50/bin/bin/../../lib\liblega-c-elf.a(ldiv.XX_eo)
                              c:/program files (x86)/microchip/xc16/v1.50/bin/bin/../../lib\liblega-c-elf.a(xldtob_cdfFnopuxX.XXeo) (_ldiv)
c:/program files (x86)/microchip/xc16/v1.50/bin/bin/../../lib\liblega-c-elf.a(xldunsca.XX_eo)
                              c:/program files (x86)/microchip/xc16/v1.50/bin/bin/../../lib\liblega-c-elf.a(xldtob_cdfFnopuxX.XXeo) (__LDunscale)
c:/program files (x86)/microchip/xc16/v1.50/bin/bin/../../lib\liblega-c-elf.a(xlitob.XX_eo)
                              c:/program files (x86)/microchip/xc16/v1.50/bin/bin/../../lib\liblega-c-elf.a(xputfld_cdnopuxX.XXeo) (__Litob)
c:/program files (x86)/microchip/xc16/v1.50/bin/bin/../../lib\liblega-c-elf.a(xdnorm.XX_elo)
                              c:/program files (x86)/microchip/xc16/v1.50/bin/bin/../../lib\liblega-c-elf.a(xldunsca.XX_eo) (__Dnorm)
c:/program files (x86)/microchip/xc16/v1.50/bin/bin/../../lib\libm-elf.a(deqltle.eo)
                              c:/program files (x86)/microchip/xc16/v1.50/bin/bin/../../lib\liblega-c-elf.a(xldtob_cdfFnopuxX.XXeo) (___ltdf2)
c:/program files (x86)/microchip/xc16/v1.50/bin/bin/../../lib\libm-elf.a(dgtge.eo)
                              c:/program files (x86)/microchip/xc16/v1.50/bin/bin/../../lib\liblega-c-elf.a(xldtob_cdfFnopuxX.XXeo) (___gtdf2)
c:/program files (x86)/microchip/xc16/v1.50/bin/bin/../../lib\libm-elf.a(divdf3.eo)
                              c:/program files (x86)/microchip/xc16/v1.50/bin/bin/../../lib\liblega-c-elf.a(xldtob_cdfFnopuxX.XXeo) (___divdf3)
c:/program files (x86)/microchip/xc16/v1.50/bin/bin/../../lib\libm-elf.a(divsi3.eo)
                              c:/program files (x86)/microchip/xc16/v1.50/bin/bin/../../lib\liblega-c-elf.a(xldtob_cdfFnopuxX.XXeo) (___divsi3)
c:/program files (x86)/microchip/xc16/v1.50/bin/bin/../../lib\libm-elf.a(dpack.eo)
                              c:/program files (x86)/microchip/xc16/v1.50/bin/bin/../../lib\libm-elf.a(divdf3.eo) (__dpack)
c:/program files (x86)/microchip/xc16/v1.50/bin/bin/../../lib\libm-elf.a(dunpack2.eo)
                              c:/program files (x86)/microchip/xc16/v1.50/bin/bin/../../lib\libm-elf.a(divdf3.eo) (__dunpack2)
c:/program files (x86)/microchip/xc16/v1.50/bin/bin/../../lib\libm-elf.a(extendsfdf.eo)
                              c:/program files (x86)/microchip/xc16/v1.50/bin/bin/../../lib\liblega-c-elf.a(xputfld_cdfFnopuxX.XXeo) (___extendsfdf2)
c:/program files (x86)/microchip/xc16/v1.50/bin/bin/../../lib\libm-elf.a(fixdfsi.eo)
                              c:/program files (x86)/microchip/xc16/v1.50/bin/bin/../../lib\liblega-c-elf.a(xldtob_cdfFnopuxX.XXeo) (_(float, int, long long, double, float, short, int))
c:/program files (x86)/microchip/xc16/v1.50/bin/bin/../../lib\libm-elf.a(floatsidf.eo)
                              c:/program files (x86)/microchip/xc16/v1.50/bin/bin/../../lib\liblega-c-elf.a(xldtob_cdfFnopuxX.XXeo) (___floatsidf)
c:/program files (x86)/microchip/xc16/v1.50/bin/bin/../../lib\libm-elf.a(funpack.eo)
                              c:/program files (x86)/microchip/xc16/v1.50/bin/bin/../../lib\libm-elf.a(extendsfdf.eo) (__funpack)
c:/program files (x86)/microchip/xc16/v1.50/bin/bin/../../lib\libm-elf.a(muldf3.eo)
                              c:/program files (x86)/microchip/xc16/v1.50/bin/bin/../../lib\liblega-c-elf.a(xldtob_cdfFnopuxX.XXeo) (___muldf3)
c:/program files (x86)/microchip/xc16/v1.50/bin/bin/../../lib\libm-elf.a(subdf3.eo)
                              c:/program files (x86)/microchip/xc16/v1.50/bin/bin/../../lib\liblega-c-elf.a(xldtob_cdfFnopuxX.XXeo) (___subdf3)
c:/program files (x86)/microchip/xc16/v1.50/bin/bin/../../lib\libm-elf.a(udivsi3.eo)
                              c:/program files (x86)/microchip/xc16/v1.50/bin/bin/../../lib\liblega-c-elf.a(xlitob.XX_eo) (___udivsi3)
c:/program files (x86)/microchip/xc16/v1.50/bin/bin/../../lib\libm-elf.a(umodsi3.eo)
                              c:/program files (x86)/microchip/xc16/v1.50/bin/bin/../../lib\liblega-c-elf.a(xlitob.XX_eo) (___umodsi3)
c:/program files (x86)/microchip/xc16/v1.50/bin/bin/../../lib\libm-elf.a(mulsi3.eo)
                              c:/program files (x86)/microchip/xc16/v1.50/bin/bin/../../lib\liblega-c-elf.a(ldiv.XX_eo) (___mulsi3)
c:/program files (x86)/microchip/xc16/v1.50/bin/bin/../../lib\libm-elf.a(divmoddi3.eo)
                              c:/program files (x86)/microchip/xc16/v1.50/bin/bin/../../lib\liblega-c-elf.a(xlitob.XX_eo) (___udivdi3)
c:/program files (x86)/microchip/xc16/v1.50/bin/bin/../../lib\libm-elf.a(adddf3.eo)
                              c:/program files (x86)/microchip/xc16/v1.50/bin/bin/../../lib\libm-elf.a(subdf3.eo) (___adddf3)
c:/program files (x86)/microchip/xc16/v1.50/bin/bin/../../lib\libm-elf.a(dcompare.eo)
                              c:/program files (x86)/microchip/xc16/v1.50/bin/bin/../../lib\libm-elf.a(deqltle.eo) (__dcompare)
c:/program files (x86)/microchip/xc16/v1.50/bin/bin/../../lib\libm-elf.a(dpropagateNaN.eo)
                              c:/program files (x86)/microchip/xc16/v1.50/bin/bin/../../lib\libm-elf.a(dunpack2.eo) (__dPropagateNaN)
c:/program files (x86)/microchip/xc16/v1.50/bin/bin/../../lib\libm-elf.a(dtype.eo)
                              c:/program files (x86)/microchip/xc16/v1.50/bin/bin/../../lib\libm-elf.a(dcompare.eo) (__dtype)
c:/program files (x86)/microchip/xc16/v1.50/bin/bin/../../lib\libm-elf.a(dunpack.eo)
                              c:/program files (x86)/microchip/xc16/v1.50/bin/bin/../../lib\libm-elf.a(dunpack2.eo) (__dunpack)
c:/program files (x86)/microchip/xc16/v1.50/bin/bin/../../lib\libm-elf.a(floatdidf.eo)
                              c:/program files (x86)/microchip/xc16/v1.50/bin/bin/../../lib\libm-elf.a(floatsidf.eo) (___floatdidf)
c:/program files (x86)/microchip/xc16/v1.50/bin/bin/../../lib\libm-elf.a(floatundidf.eo)
                              c:/program files (x86)/microchip/xc16/v1.50/bin/bin/../../lib\libm-elf.a(floatdidf.eo) (___floatundidf)


Selected CodeGuard Options:
  FGS:GWRP:OFF
  FGS:GSS:OFF
  FBS:BWRP:WRPROTECT_OFF
  FBS:BSS:NO_FLASH

CodeGuard FLASH Memory:
  boot    (none)
  secure  (none)
  general 0x200 to 0x1ffe

CodeGuard RAM Memory:
  general 0x800 to 0xbff
  secure  (none)
  boot    (none)


xc16-ld 1.50 (B)

Default Code Model: Small
Default Data Model: Small
Default Scalar Model: Small

"program" Memory  [Origin = 0x200, Length = 0x1e00]

section                    address   length (PC units)   length (bytes) (dec)
-------                    -------   -----------------   --------------------
.text                        0x200              0x163e          0x215d  (8541)
.const                      0x183e                0x54            0x7e  (126)
.text                       0x1892               0x560           0x810  (2064)
.dinit                      0x1df2                0x8a            0xcf  (207)
.init.delay32               0x1e7c                0x1c            0x2a  (42)

                 Total "program" memory used (bytes):         0x2ae4  (10980) 95%


"data" Memory  [Origin = 0x800, Length = 0x400]

section                    address      alignment gaps    total length  (dec)
-------                    -------      --------------    -------------------
.ndata                       0x800                   0             0x2  (2)
.data                        0x802                   0            0x96  (150)

                 Total "data" memory used (bytes):           0x98  (152) 14%


Dynamic Memory Usage

region                     address                      maximum length  (dec)
------                     -------                      ---------------------
heap                             0                                   0  (0)
stack                        0x898                               0x368  (872)

                 Maximum dynamic memory (bytes):          0x368  (872)

Info: Project is using a large data memory model when small data memory model is sufficient.


External Symbols in Data Memory (by address):

                    0x0800                  _control_dis_cusor

External Symbols in Data Memory (by name):

                    0x0800                  _control_dis_cusor

External Symbols in Program Memory (by address):

                  0x000200                  __resetPRI
                  0x00023c                  __psv_init
                  0x000252                  __data_init_standard
                  0x000252                  __data_init
                  0x0002cc                  __DefaultInterrupt
                  0x0002d2                  sprintf_cdfFnopuxX.XXeo:_prout
                  0x0002e0                  __sprintf_cdnopuxX
                  0x0002e0                  __sprintf_cdfFnopuxX
                  0x0002fe                  _memcpy
                  0x00030c                  _strchr
                  0x000324                  __Puttxt
                  0x00049c                  __Vacopy
                  0x0004a0                  ___Printf_cdfFnopuxX
                  0x0004a0                  ___Printf_cdnopuxX
                  0x000604                  ___Putfld_cdfFnopuxX
                  0x000604                  ___Putfld_cdnopuxX
                  0x0008aa                  ___Ldtob_cdfFnopuxX
                  0x000afa                  ___Genld_cdfFnopuxX
                  0x000d02                  _div
                  0x000d18                  _ldiv
                  0x000d42                  __LDunscale
                  0x000d96                  __Litob
                  0x000ff4                  __Dnorm
                  0x00108c                  ___eqdf2
                  0x00108c                  ___ledf2
                  0x00108c                  ___ltdf2
                  0x001096                  ___gtdf2
                  0x001096                  ___gedf2
                  0x0010a0                  ___divdf3
                  0x001154                  ___divsi3
                  0x001172                  __dpack
                  0x0011ca                  __dunpack2
                  0x0011ec                  __dreturnNaN
                  0x0011f2                  __dunpack2exit
                  0x0011fc                  ___extendsfdf2
                  0x00123a                  ___fixdfsi
                  0x001292                  ___floatsidf
                  0x001298                  __funpack
                  0x0012c4                  ___muldf3
                  0x0013b0                  ___subdf3
                  0x0013b4                  ___udivsi3
                  0x0013d4                  ___umodsi3
                  0x0013da                  ___mulsi3
                  0x0013da                  ___mulp32eds3
                  0x0013da                  ___mulp32peds3
                  0x001432                  ___udivmoddi3
                  0x001518                  ___udivdi3
                  0x001526                  ___umoddi3
                  0x00152e                  ___divdi3
                  0x00158e                  ___moddi3
                  0x0015ec                  ___adddf3
                  0x0016e8                  __dcompare
                  0x00173a                  __dPropagateNaN
                  0x001756                  __dtype
                  0x00177a                  __dunpack
                  0x0017c8                  ___floatdidf
                  0x0017e8                  ___floatundidf
                  0x001892                  _Delay_1us
                  0x00189e                  _DelayPORXLCD
                  0x0018aa                  _DelayXLCD
                  0x0018b6                  _DelayExecution
                  0x0018c2                  _LCD_setCursor
                  0x0018e8                  _LCDInit
                  0x001908                  _LCD_WriteChr_CGRAM
                  0x001938                  _OpenXLCD
                  0x0019f4                  _SetCGRamAddr
                  0x001a54                  _SetDDRamAddr
                  0x001ab4                  _BusyXLCD
                  0x001aea                  _ReadAddrXLCD
                  0x001b28                  _ReadDataXLCD
                  0x001b66                  _WriteCmdXLCD
                  0x001bc2                  _WriteDataXLCD
                  0x001c20                  _LCD_print
                  0x001c3a                  _LCD_printInt
                  0x001c54                  _LCD_printFloat
                  0x001c72                  _LCD_shiftToRight
                  0x001c8e                  _LCD_shiftToLeft
                  0x001caa                  _LCD_cursorOn
                  0x001cba                  _LCD_cursorOff
                  0x001cca                  _LCD_clear
                  0x001cd4                  _LCD_cursorBlinkOn
                  0x001ce4                  _LCD_cursorBlinkOff
                  0x001cf4                  _LCD_setHome
                  0x001cfe                  _main
                  0x001e7c                  ___delay32
                  0xf80000                  __FBS.sec
                  0xf80004                  __FGS.sec

External Symbols in Program Memory (by name):

                  0x001ab4                  _BusyXLCD
                  0x0018b6                  _DelayExecution
                  0x00189e                  _DelayPORXLCD
                  0x0018aa                  _DelayXLCD
                  0x001892                  _Delay_1us
                  0x0018e8                  _LCDInit
                  0x001908                  _LCD_WriteChr_CGRAM
                  0x001cca                  _LCD_clear
                  0x001ce4                  _LCD_cursorBlinkOff
                  0x001cd4                  _LCD_cursorBlinkOn
                  0x001cba                  _LCD_cursorOff
                  0x001caa                  _LCD_cursorOn
                  0x001c20                  _LCD_print
                  0x001c54                  _LCD_printFloat
                  0x001c3a                  _LCD_printInt
                  0x0018c2                  _LCD_setCursor
                  0x001cf4                  _LCD_setHome
                  0x001c8e                  _LCD_shiftToLeft
                  0x001c72                  _LCD_shiftToRight
                  0x001938                  _OpenXLCD
                  0x001aea                  _ReadAddrXLCD
                  0x001b28                  _ReadDataXLCD
                  0x0019f4                  _SetCGRamAddr
                  0x001a54                  _SetDDRamAddr
                  0x001b66                  _WriteCmdXLCD
                  0x001bc2                  _WriteDataXLCD
                  0x0002cc                  __DefaultInterrupt
                  0x000ff4                  __Dnorm
                  0xf80000                  __FBS.sec
                  0xf80004                  __FGS.sec
                  0x000d42                  __LDunscale
                  0x000d96                  __Litob
                  0x000324                  __Puttxt
                  0x00049c                  __Vacopy
                  0x000afa                  ___Genld_cdfFnopuxX
                  0x0008aa                  ___Ldtob_cdfFnopuxX
                  0x0004a0                  ___Printf_cdfFnopuxX
                  0x0004a0                  ___Printf_cdnopuxX
                  0x000604                  ___Putfld_cdfFnopuxX
                  0x000604                  ___Putfld_cdnopuxX
                  0x0015ec                  ___adddf3
                  0x001e7c                  ___delay32
                  0x0010a0                  ___divdf3
                  0x00152e                  ___divdi3
                  0x001154                  ___divsi3
                  0x00108c                  ___eqdf2
                  0x0011fc                  ___extendsfdf2
                  0x00123a                  ___fixdfsi
                  0x0017c8                  ___floatdidf
                  0x001292                  ___floatsidf
                  0x0017e8                  ___floatundidf
                  0x001096                  ___gedf2
                  0x001096                  ___gtdf2
                  0x00108c                  ___ledf2
                  0x00108c                  ___ltdf2
                  0x00158e                  ___moddi3
                  0x0012c4                  ___muldf3
                  0x0013da                  ___mulp32eds3
                  0x0013da                  ___mulp32peds3
                  0x0013da                  ___mulsi3
                  0x0013b0                  ___subdf3
                  0x001518                  ___udivdi3
                  0x001432                  ___udivmoddi3
                  0x0013b4                  ___udivsi3
                  0x001526                  ___umoddi3
                  0x0013d4                  ___umodsi3
                  0x00173a                  __dPropagateNaN
                  0x000252                  __data_init
                  0x000252                  __data_init_standard
                  0x0016e8                  __dcompare
                  0x001172                  __dpack
                  0x0011ec                  __dreturnNaN
                  0x001756                  __dtype
                  0x00177a                  __dunpack
                  0x0011ca                  __dunpack2
                  0x0011f2                  __dunpack2exit
                  0x001298                  __funpack
                  0x00023c                  __psv_init
                  0x000200                  __resetPRI
                  0x0002e0                  __sprintf_cdfFnopuxX
                  0x0002e0                  __sprintf_cdnopuxX
                  0x000d02                  _div
                  0x000d18                  _ldiv
                  0x001cfe                  _main
                  0x0002fe                  _memcpy
                  0x00030c                  _strchr
                  0x0002d2                  sprintf_cdfFnopuxX.XXeo:_prout

Memory Configuration

Name             Origin             Length             Attributes
data             0x000800           0x000400           a !xr
reset            0x000000           0x000004  
ivt              0x000004           0x0000fc  
_reserved        0x000100           0x000004  
aivt             0x000104           0x0000fc  
program          0x000200           0x001e00           xr
FBS              0xf80000           0x000002  
FGS              0xf80004           0x000002  
FOSCSEL          0xf80006           0x000002  
FOSC             0xf80008           0x000002  
FWDT             0xf8000a           0x000002  
FPOR             0xf8000c           0x000002  
FICD             0xf8000e           0x000002  
FUID0            0xf80010           0x000002  
FUID1            0xf80012           0x000002  
FUID2            0xf80014           0x000002  
FUID3            0xf80016           0x000002  
*default*        0x000000           0xffffffff  

Linker script and memory map

LOAD build/default/production/LABO5_LCD.o
LOAD build/default/production/xlcd.o
                    0x0001                  __MPLAB_BUILD = 0x1
LOAD c:/program files (x86)/microchip/xc16/v1.50/bin/bin/../../lib/dsPIC33F\libp33FJ12GP202-elf.a
LOAD c:/program files (x86)/microchip/xc16/v1.50/bin/bin/../../lib\libfx-elf.a
                    0xf80000                  __FBS = 0xf80000
                    0xf80004                  __FGS = 0xf80004
                    0xf80006                  __FOSCSEL = 0xf80006
                    0xf80008                  __FOSC = 0xf80008
                    0xf8000a                  __FWDT = 0xf8000a
                    0xf8000c                  __FPOR = 0xf8000c
                    0xf8000e                  __FICD = 0xf8000e
                    0xf80010                  __FUID0 = 0xf80010
                    0xf80012                  __FUID1 = 0xf80012
                    0xf80014                  __FUID2 = 0xf80014
                    0xf80016                  __FUID3 = 0xf80016
                    0x0001                  __NO_HANDLES = 0x1
                    0x0200                  __CODE_BASE = 0x200
                    0x1e00                  __CODE_LENGTH = 0x1e00
                    0x0004                  __IVT_BASE = 0x4
                    0x0104                  __AIVT_BASE = 0x104
                    0x0800                  __DATA_BASE = 0x800
                    0x0400                  __DATA_LENGTH = 0x400
                    0x0a00                  __YDATA_BASE = 0xa00

.reset            0x000000          0x4
                  0x000000          0x2 SHORT 0x200 ABSOLUTE (__reset)
                  0x000001          0x2 SHORT 0x4
                  0x000002          0x2 SHORT 0x0 ((ABSOLUTE (__reset) >> 0x10) & 0x7f)
                  0x000003          0x2 SHORT 0x0

.text             0x000200       0x163e
 *(.init)
 .init            0x000200         0x4c c:/program files (x86)/microchip/xc16/v1.50/bin/bin/../../lib\liblega-pic30-elf.a(crt0_standard.o)
                  0x000200                  __resetPRI
                  0x000200                  __reset
                  0x00023c                  __psv_init
 .init            0x00024c         0x7c c:/program files (x86)/microchip/xc16/v1.50/bin/bin/../../lib\liblega-pic30-elf.a(data_init_standard.o)
                  0x000252                  __data_init_standard
                  0x000252                  __data_init
 *(.user_init)
 *(.handle)
 *(.isr*)
 .isr             0x0002cc          0x4 default_isr
                  0x0002cc                  __DefaultInterrupt
 *(.libc)
 *(.libm)
 *(.libdsp)
 *(.lib*)
 .libpic30_crt_start_mode
                  0x0002d0          0x2 c:/program files (x86)/microchip/xc16/v1.50/bin/bin/../../lib\liblega-pic30-elf.a(crt_start_mode_normal.Leo)
                  0x0002d0                  __crt_start_mode
                  0x0002d0                  __crt_start_mode_normal
 .libc.prout      0x0002d2          0xe c:/program files (x86)/microchip/xc16/v1.50/bin/bin/../../lib\liblega-c-elf.a(sprintf_cdfFnopuxX.XXeo)
                  0x0002d2                  sprintf_cdfFnopuxX.XXeo:_prout
 .libc._sprintf_cdfFnopuxX
                  0x0002e0         0x1e c:/program files (x86)/microchip/xc16/v1.50/bin/bin/../../lib\liblega-c-elf.a(sprintf_cdfFnopuxX.XXeo)
                  0x0002e0                  __sprintf_cdnopuxX
                  0x0002e0                  __sprintf_cdfFnopuxX
 .libc.memcpy     0x0002fe          0xe c:/program files (x86)/microchip/xc16/v1.50/bin/bin/../../lib\liblega-c-elf.a(memcpy.XX_eo)
                  0x0002fe                  _memcpy
 .libc.strchr     0x00030c         0x18 c:/program files (x86)/microchip/xc16/v1.50/bin/bin/../../lib\liblega-c-elf.a(strchr.XX_eo)
                  0x00030c                  _strchr
 .libc._Puttxt    0x000324        0x178 c:/program files (x86)/microchip/xc16/v1.50/bin/bin/../../lib\liblega-c-elf.a(xputtxt.XX_eo)
                  0x000324                  __Puttxt
 .libc._Vacopy    0x00049c          0x4 c:/program files (x86)/microchip/xc16/v1.50/bin/bin/../../lib\liblega-c-elf.a(xvacopy.XX_eo)
                  0x00049c                  __Vacopy
 .libc.__Printf_cdfFnopuxX
                  0x0004a0        0x164 c:/program files (x86)/microchip/xc16/v1.50/bin/bin/../../lib\liblega-c-elf.a(xprintf_cdfFnopuxX.XXeo)
                  0x0004a0                  ___Printf_cdnopuxX
                  0x0004a0                  ___Printf_cdfFnopuxX
 .libc.__Putfld_cdfFnopuxX
                  0x000604        0x2a6 c:/program files (x86)/microchip/xc16/v1.50/bin/bin/../../lib\liblega-c-elf.a(xputfld_cdfFnopuxX.XXeo)
                  0x000604                  ___Putfld_cdfFnopuxX
                  0x000604                  ___Putfld_cdnopuxX
 .libc.__Ldtob_cdfFnopuxX
                  0x0008aa        0x250 c:/program files (x86)/microchip/xc16/v1.50/bin/bin/../../lib\liblega-c-elf.a(xldtob_cdfFnopuxX.XXeo)
                  0x0008aa                  ___Ldtob_cdfFnopuxX
 .libc.__Genld_cdfFnopuxX
                  0x000afa        0x208 c:/program files (x86)/microchip/xc16/v1.50/bin/bin/../../lib\liblega-c-elf.a(xgenld_cdfFnopuxX.XXeo)
                  0x000afa                  ___Genld_cdfFnopuxX
 .libc.div        0x000d02         0x16 c:/program files (x86)/microchip/xc16/v1.50/bin/bin/../../lib\liblega-c-elf.a(div.XX_eo)
                  0x000d02                  _div
 .libc.ldiv       0x000d18         0x2a c:/program files (x86)/microchip/xc16/v1.50/bin/bin/../../lib\liblega-c-elf.a(ldiv.XX_eo)
                  0x000d18                  _ldiv
 .libc._LDunscale
                  0x000d42         0x54 c:/program files (x86)/microchip/xc16/v1.50/bin/bin/../../lib\liblega-c-elf.a(xldunsca.XX_eo)
                  0x000d42                  __LDunscale
 .libc._Litob     0x000d96        0x25e c:/program files (x86)/microchip/xc16/v1.50/bin/bin/../../lib\liblega-c-elf.a(xlitob.XX_eo)
                  0x000d96                  __Litob
 .libc._Dnorm     0x000ff4         0x98 c:/program files (x86)/microchip/xc16/v1.50/bin/bin/../../lib\liblega-c-elf.a(xdnorm.XX_elo)
                  0x000ff4                  __Dnorm
 .libm.eqdf2      0x00108c          0xa c:/program files (x86)/microchip/xc16/v1.50/bin/bin/../../lib\libm-elf.a(deqltle.eo)
                  0x00108c                  ___eqdf2
                  0x00108c                  ___ltdf2
                  0x00108c                  ___ledf2
 .libm.gtdf2      0x001096          0xa c:/program files (x86)/microchip/xc16/v1.50/bin/bin/../../lib\libm-elf.a(dgtge.eo)
                  0x001096                  ___gtdf2
                  0x001096                  ___gedf2
 .libm.divdf3     0x0010a0         0xb4 c:/program files (x86)/microchip/xc16/v1.50/bin/bin/../../lib\libm-elf.a(divdf3.eo)
                  0x0010a0                  ___divdf3
 .libm.divsi3     0x001154         0x1e c:/program files (x86)/microchip/xc16/v1.50/bin/bin/../../lib\libm-elf.a(divsi3.eo)
                  0x001154                  ___divsi3
 .libm.dpack      0x001172         0x58 c:/program files (x86)/microchip/xc16/v1.50/bin/bin/../../lib\libm-elf.a(dpack.eo)
                  0x001172                  __dpack
 .libm.dunpack2
                  0x0011ca         0x32 c:/program files (x86)/microchip/xc16/v1.50/bin/bin/../../lib\libm-elf.a(dunpack2.eo)
                  0x0011ca                  __dunpack2
                  0x0011ec                  __dreturnNaN
                  0x0011f2                  __dunpack2exit
 .libm.extendsfdf2
                  0x0011fc         0x3e c:/program files (x86)/microchip/xc16/v1.50/bin/bin/../../lib\libm-elf.a(extendsfdf.eo)
                  0x0011fc                  ___extendsfdf2
 .libm.fixdfsi    0x00123a         0x58 c:/program files (x86)/microchip/xc16/v1.50/bin/bin/../../lib\libm-elf.a(fixdfsi.eo)
                  0x00123a                  _(float, int, long long, double, float, short, int)
 .libm.floatsidf
                  0x001292          0x6 c:/program files (x86)/microchip/xc16/v1.50/bin/bin/../../lib\libm-elf.a(floatsidf.eo)
                  0x001292                  ___floatsidf
 .libm.funpack    0x001298         0x2a c:/program files (x86)/microchip/xc16/v1.50/bin/bin/../../lib\libm-elf.a(funpack.eo)
                  0x001298                  __funpack
 *fill*           0x0012c2          0x400
 .libm.muldf3     0x0012c4         0xec c:/program files (x86)/microchip/xc16/v1.50/bin/bin/../../lib\libm-elf.a(muldf3.eo)
                  0x0012c4                  ___muldf3
 .libm.subdf3     0x0013b0          0x4 c:/program files (x86)/microchip/xc16/v1.50/bin/bin/../../lib\libm-elf.a(subdf3.eo)
                  0x0013b0                  ___subdf3
 .libm.udivsi3    0x0013b4         0x20 c:/program files (x86)/microchip/xc16/v1.50/bin/bin/../../lib\libm-elf.a(udivsi3.eo)
                  0x0013b4                  ___udivsi3
 .libm.umodsi3    0x0013d4          0x6 c:/program files (x86)/microchip/xc16/v1.50/bin/bin/../../lib\libm-elf.a(umodsi3.eo)
                  0x0013d4                  ___umodsi3
 .libm.mulsi3     0x0013da          0xc c:/program files (x86)/microchip/xc16/v1.50/bin/bin/../../lib\libm-elf.a(mulsi3.eo)
                  0x0013da                  ___mulp32peds3
                  0x0013da                  ___mulsi3
                  0x0013da                  ___mulp32eds3
 .libm.__PplusBdi
                  0x0013e6         0x26 c:/program files (x86)/microchip/xc16/v1.50/bin/bin/../../lib\libm-elf.a(divmoddi3.eo)
 .libm.__PminusBdi
                  0x00140c         0x26 c:/program files (x86)/microchip/xc16/v1.50/bin/bin/../../lib\libm-elf.a(divmoddi3.eo)
 .libm.__udivmoddi3
                  0x001432         0xe6 c:/program files (x86)/microchip/xc16/v1.50/bin/bin/../../lib\libm-elf.a(divmoddi3.eo)
                  0x001432                  ___udivmoddi3
 .libm.__udivdi3
                  0x001518          0xe c:/program files (x86)/microchip/xc16/v1.50/bin/bin/../../lib\libm-elf.a(divmoddi3.eo)
                  0x001518                  ___udivdi3
 .libm.__umoddi3
                  0x001526          0x8 c:/program files (x86)/microchip/xc16/v1.50/bin/bin/../../lib\libm-elf.a(divmoddi3.eo)
                  0x001526                  ___umoddi3
 .libm.__divdi3
                  0x00152e         0x60 c:/program files (x86)/microchip/xc16/v1.50/bin/bin/../../lib\libm-elf.a(divmoddi3.eo)
                  0x00152e                  ___divdi3
 .libm.__moddi3
                  0x00158e         0x5c c:/program files (x86)/microchip/xc16/v1.50/bin/bin/../../lib\libm-elf.a(divmoddi3.eo)
                  0x00158e                  ___moddi3
 *fill*           0x0015ea          0x400
 .libm.adddf3     0x0015ec         0xfc c:/program files (x86)/microchip/xc16/v1.50/bin/bin/../../lib\libm-elf.a(adddf3.eo)
                  0x0015ec                  ___adddf3
 .libm.dcompare
                  0x0016e8         0x52 c:/program files (x86)/microchip/xc16/v1.50/bin/bin/../../lib\libm-elf.a(dcompare.eo)
                  0x0016e8                  __dcompare
 .libm.dPropagateNaN
                  0x00173a         0x1c c:/program files (x86)/microchip/xc16/v1.50/bin/bin/../../lib\libm-elf.a(dpropagateNaN.eo)
                  0x00173a                  __dPropagateNaN
 .libm.dtype      0x001756         0x24 c:/program files (x86)/microchip/xc16/v1.50/bin/bin/../../lib\libm-elf.a(dtype.eo)
                  0x001756                  __dtype
 .libm.dunpack    0x00177a         0x4e c:/program files (x86)/microchip/xc16/v1.50/bin/bin/../../lib\libm-elf.a(dunpack.eo)
                  0x00177a                  __dunpack
 .libm.floatdidf
                  0x0017c8         0x20 c:/program files (x86)/microchip/xc16/v1.50/bin/bin/../../lib\libm-elf.a(floatdidf.eo)
                  0x0017c8                  ___floatdidf
 .libm.floatundidf
                  0x0017e8         0x56 c:/program files (x86)/microchip/xc16/v1.50/bin/bin/../../lib\libm-elf.a(floatundidf.eo)
                  0x0017e8                  ___floatundidf

usercode
 *(usercode)

__FBS             0xf80000          0x2
 *(__FBS.sec*)
 __FBS.sec        0xf80000          0x2 /CW/_FBS€¥
                  0xf80000                  __FBS.sec

__FGS             0xf80004          0x2
 *(__FGS.sec*)
 __FGS.sec        0xf80004          0x2 /CW/_FGS°Õ
                  0xf80004                  __FGS.sec

__FOSCSEL
 *(__FOSCSEL.sec*)

__FOSC
 *(__FOSC.sec*)

__FWDT
 *(__FWDT.sec*)

__FPOR
 *(__FPOR.sec*)

__FICD
 *(__FICD.sec*)

__FUID0
 *(__FUID0.sec*)

__FUID1
 *(__FUID1.sec*)

__FUID2
 *(__FUID2.sec*)

__FUID3
 *(__FUID3.sec*)

.comment
 *(.comment)

.debug_info       0x000000        0xbd9
 *(.debug_info)
 .debug_info      0x000000        0x201 build/default/production/LABO5_LCD.o
 .debug_info      0x000201        0x9d8 build/default/production/xlcd.o
 *(.gnu.linkonce.wi.*)

.debug_abbrev     0x000000        0x21e
 *(.debug_abbrev)
 .debug_abbrev    0x000000         0x7d build/default/production/LABO5_LCD.o
 .debug_abbrev    0x00007d        0x1a1 build/default/production/xlcd.o

.debug_line       0x000000        0x36f
 *(.debug_line)
 .debug_line      0x000000        0x144 build/default/production/LABO5_LCD.o
 .debug_line      0x000144        0x22b build/default/production/xlcd.o

.debug_frame      0x000000        0x302
 *(.debug_frame)
 .debug_frame     0x000000         0x2e build/default/production/LABO5_LCD.o
 .debug_frame     0x00002e        0x2d4 build/default/production/xlcd.o

.debug_str        0x000000         0x2e
 *(.debug_str)
 .debug_str       0x000000          0x9 build/default/production/LABO5_LCD.o
 .debug_str       0x000009         0x25 build/default/production/xlcd.o

.debug_loc
 *(.debug_loc)

.debug_macinfo
 *(.debug_macinfo)

.debug_pubnames
                  0x000000        0x202
 *(.debug_pubnames)
 .debug_pubnames
                  0x000000         0x1b build/default/production/LABO5_LCD.o
 .debug_pubnames
                  0x00001b        0x1e7 build/default/production/xlcd.o

.debug_ranges
 *(.debug_ranges)

.debug_aranges    0x000000         0x30
 *(.debug_aranges)
 .debug_aranges
                  0x000000         0x18 build/default/production/LABO5_LCD.o
 .debug_aranges
                  0x000018         0x18 build/default/production/xlcd.o
                    0x0000                  WREG0 = 0x0
                    0x0000                  _WREG0 = 0x0
                    0x0002                  WREG1 = 0x2
                    0x0002                  _WREG1 = 0x2
                    0x0004                  WREG2 = 0x4
                    0x0004                  _WREG2 = 0x4
                    0x0006                  WREG3 = 0x6
                    0x0006                  _WREG3 = 0x6
                    0x0008                  WREG4 = 0x8
                    0x0008                  _WREG4 = 0x8
                    0x000a                  WREG5 = 0xa
                    0x000a                  _WREG5 = 0xa
                    0x000c                  WREG6 = 0xc
                    0x000c                  _WREG6 = 0xc
                    0x000e                  WREG7 = 0xe
                    0x000e                  _WREG7 = 0xe
                    0x0010                  WREG8 = 0x10
                    0x0010                  _WREG8 = 0x10
                    0x0012                  WREG9 = 0x12
                    0x0012                  _WREG9 = 0x12
                    0x0014                  WREG10 = 0x14
                    0x0014                  _WREG10 = 0x14
                    0x0016                  WREG11 = 0x16
                    0x0016                  _WREG11 = 0x16
                    0x0018                  WREG12 = 0x18
                    0x0018                  _WREG12 = 0x18
                    0x001a                  WREG13 = 0x1a
                    0x001a                  _WREG13 = 0x1a
                    0x001c                  WREG14 = 0x1c
                    0x001c                  _WREG14 = 0x1c
                    0x001e                  WREG15 = 0x1e
                    0x001e                  _WREG15 = 0x1e
                    0x0020                  SPLIM = 0x20
                    0x0020                  _SPLIM = 0x20
                    0x0022                  ACCAL = 0x22
                    0x0022                  _ACCAL = 0x22
                    0x0024                  ACCAH = 0x24
                    0x0024                  _ACCAH = 0x24
                    0x0026                  ACCAU = 0x26
                    0x0026                  _ACCAU = 0x26
                    0x0028                  ACCBL = 0x28
                    0x0028                  _ACCBL = 0x28
                    0x002a                  ACCBH = 0x2a
                    0x002a                  _ACCBH = 0x2a
                    0x002c                  ACCBU = 0x2c
                    0x002c                  _ACCBU = 0x2c
                    0x002e                  PCL = 0x2e
                    0x002e                  _PCL = 0x2e
                    0x0030                  PCH = 0x30
                    0x0030                  _PCH = 0x30
                    0x0032                  TBLPAG = 0x32
                    0x0032                  _TBLPAG = 0x32
                    0x0034                  PSVPAG = 0x34
                    0x0034                  _PSVPAG = 0x34
                    0x0036                  RCOUNT = 0x36
                    0x0036                  _RCOUNT = 0x36
                    0x0038                  DCOUNT = 0x38
                    0x0038                  _DCOUNT = 0x38
                    0x003a                  DOSTARTL = 0x3a
                    0x003a                  _DOSTARTL = 0x3a
                    0x003c                  DOSTARTH = 0x3c
                    0x003c                  _DOSTARTH = 0x3c
                    0x003e                  DOENDL = 0x3e
                    0x003e                  _DOENDL = 0x3e
                    0x0040                  DOENDH = 0x40
                    0x0040                  _DOENDH = 0x40
                    0x0042                  SR = 0x42
                    0x0042                  _SR = 0x42
                    0x0042                  _SRbits = 0x42
                    0x0044                  CORCON = 0x44
                    0x0044                  _CORCON = 0x44
                    0x0044                  _CORCONbits = 0x44
                    0x0046                  MODCON = 0x46
                    0x0046                  _MODCON = 0x46
                    0x0046                  _MODCONbits = 0x46
                    0x0048                  XMODSRT = 0x48
                    0x0048                  _XMODSRT = 0x48
                    0x004a                  XMODEND = 0x4a
                    0x004a                  _XMODEND = 0x4a
                    0x004c                  YMODSRT = 0x4c
                    0x004c                  _YMODSRT = 0x4c
                    0x004e                  YMODEND = 0x4e
                    0x004e                  _YMODEND = 0x4e
                    0x0050                  XBREV = 0x50
                    0x0050                  _XBREV = 0x50
                    0x0050                  _XBREVbits = 0x50
                    0x0052                  DISICNT = 0x52
                    0x0052                  _DISICNT = 0x52
                    0x0060                  CNEN1 = 0x60
                    0x0060                  _CNEN1 = 0x60
                    0x0060                  _CNEN1bits = 0x60
                    0x0062                  CNEN2 = 0x62
                    0x0062                  _CNEN2 = 0x62
                    0x0062                  _CNEN2bits = 0x62
                    0x0068                  CNPU1 = 0x68
                    0x0068                  _CNPU1 = 0x68
                    0x0068                  _CNPU1bits = 0x68
                    0x006a                  CNPU2 = 0x6a
                    0x006a                  _CNPU2 = 0x6a
                    0x006a                  _CNPU2bits = 0x6a
                    0x0080                  INTCON1 = 0x80
                    0x0080                  _INTCON1 = 0x80
                    0x0080                  _INTCON1bits = 0x80
                    0x0082                  INTCON2 = 0x82
                    0x0082                  _INTCON2 = 0x82
                    0x0082                  _INTCON2bits = 0x82
                    0x0084                  IFS0 = 0x84
                    0x0084                  _IFS0 = 0x84
                    0x0084                  _IFS0bits = 0x84
                    0x0086                  IFS1 = 0x86
                    0x0086                  _IFS1 = 0x86
                    0x0086                  _IFS1bits = 0x86
                    0x008c                  IFS4 = 0x8c
                    0x008c                  _IFS4 = 0x8c
                    0x008c                  _IFS4bits = 0x8c
                    0x0094                  IEC0 = 0x94
                    0x0094                  _IEC0 = 0x94
                    0x0094                  _IEC0bits = 0x94
                    0x0096                  IEC1 = 0x96
                    0x0096                  _IEC1 = 0x96
                    0x0096                  _IEC1bits = 0x96
                    0x009c                  IEC4 = 0x9c
                    0x009c                  _IEC4 = 0x9c
                    0x009c                  _IEC4bits = 0x9c
                    0x00a4                  IPC0 = 0xa4
                    0x00a4                  _IPC0 = 0xa4
                    0x00a4                  _IPC0bits = 0xa4
                    0x00a6                  IPC1 = 0xa6
                    0x00a6                  _IPC1 = 0xa6
                    0x00a6                  _IPC1bits = 0xa6
                    0x00a8                  IPC2 = 0xa8
                    0x00a8                  _IPC2 = 0xa8
                    0x00a8                  _IPC2bits = 0xa8
                    0x00aa                  IPC3 = 0xaa
                    0x00aa                  _IPC3 = 0xaa
                    0x00aa                  _IPC3bits = 0xaa
                    0x00ac                  IPC4 = 0xac
                    0x00ac                  _IPC4 = 0xac
                    0x00ac                  _IPC4bits = 0xac
                    0x00ae                  IPC5 = 0xae
                    0x00ae                  _IPC5 = 0xae
                    0x00ae                  _IPC5bits = 0xae
                    0x00b2                  IPC7 = 0xb2
                    0x00b2                  _IPC7 = 0xb2
                    0x00b2                  _IPC7bits = 0xb2
                    0x00c4                  IPC16 = 0xc4
                    0x00c4                  _IPC16 = 0xc4
                    0x00c4                  _IPC16bits = 0xc4
                    0x00e0                  INTTREG = 0xe0
                    0x00e0                  _INTTREG = 0xe0
                    0x00e0                  _INTTREGbits = 0xe0
                    0x0100                  TMR1 = 0x100
                    0x0100                  _TMR1 = 0x100
                    0x0102                  PR1 = 0x102
                    0x0102                  _PR1 = 0x102
                    0x0104                  T1CON = 0x104
                    0x0104                  _T1CON = 0x104
                    0x0104                  _T1CONbits = 0x104
                    0x0106                  TMR2 = 0x106
                    0x0106                  _TMR2 = 0x106
                    0x0108                  TMR3HLD = 0x108
                    0x0108                  _TMR3HLD = 0x108
                    0x010a                  TMR3 = 0x10a
                    0x010a                  _TMR3 = 0x10a
                    0x010c                  PR2 = 0x10c
                    0x010c                  _PR2 = 0x10c
                    0x010e                  PR3 = 0x10e
                    0x010e                  _PR3 = 0x10e
                    0x0110                  T2CON = 0x110
                    0x0110                  _T2CON = 0x110
                    0x0110                  _T2CONbits = 0x110
                    0x0112                  T3CON = 0x112
                    0x0112                  _T3CON = 0x112
                    0x0112                  _T3CONbits = 0x112
                    0x0140                  IC1BUF = 0x140
                    0x0140                  _IC1BUF = 0x140
                    0x0142                  IC1CON = 0x142
                    0x0142                  _IC1CON = 0x142
                    0x0142                  _IC1CONbits = 0x142
                    0x0144                  IC2BUF = 0x144
                    0x0144                  _IC2BUF = 0x144
                    0x0146                  IC2CON = 0x146
                    0x0146                  _IC2CON = 0x146
                    0x0146                  _IC2CONbits = 0x146
                    0x0158                  IC7BUF = 0x158
                    0x0158                  _IC7BUF = 0x158
                    0x015a                  IC7CON = 0x15a
                    0x015a                  _IC7CON = 0x15a
                    0x015a                  _IC7CONbits = 0x15a
                    0x015c                  IC8BUF = 0x15c
                    0x015c                  _IC8BUF = 0x15c
                    0x015e                  IC8CON = 0x15e
                    0x015e                  _IC8CON = 0x15e
                    0x015e                  _IC8CONbits = 0x15e
                    0x0180                  OC1RS = 0x180
                    0x0180                  _OC1RS = 0x180
                    0x0182                  OC1R = 0x182
                    0x0182                  _OC1R = 0x182
                    0x0184                  OC1CON = 0x184
                    0x0184                  _OC1CON = 0x184
                    0x0184                  _OC1CONbits = 0x184
                    0x0186                  OC2RS = 0x186
                    0x0186                  _OC2RS = 0x186
                    0x0188                  OC2R = 0x188
                    0x0188                  _OC2R = 0x188
                    0x018a                  OC2CON = 0x18a
                    0x018a                  _OC2CON = 0x18a
                    0x018a                  _OC2CONbits = 0x18a
                    0x0200                  I2C1RCV = 0x200
                    0x0200                  _I2C1RCV = 0x200
                    0x0200                  I2CRCV = 0x200
                    0x0200                  _I2CRCV = 0x200
                    0x0202                  I2C1TRN = 0x202
                    0x0202                  _I2C1TRN = 0x202
                    0x0202                  I2CTRN = 0x202
                    0x0202                  _I2CTRN = 0x202
                    0x0204                  I2C1BRG = 0x204
                    0x0204                  _I2C1BRG = 0x204
                    0x0206                  I2C1CON = 0x206
                    0x0206                  _I2C1CON = 0x206
                    0x0206                  _I2C1CONbits = 0x206
                    0x0206                  I2CCON = 0x206
                    0x0206                  _I2CCON = 0x206
                    0x0206                  _I2CCONbits = 0x206
                    0x0208                  I2C1STAT = 0x208
                    0x0208                  _I2C1STAT = 0x208
                    0x0208                  _I2C1STATbits = 0x208
                    0x0208                  I2CSTAT = 0x208
                    0x0208                  _I2CSTAT = 0x208
                    0x0208                  _I2CSTATbits = 0x208
                    0x020a                  I2C1ADD = 0x20a
                    0x020a                  _I2C1ADD = 0x20a
                    0x020a                  I2CADD = 0x20a
                    0x020a                  _I2CADD = 0x20a
                    0x020c                  I2C1MSK = 0x20c
                    0x020c                  _I2C1MSK = 0x20c
                    0x0220                  U1MODE = 0x220
                    0x0220                  _U1MODE = 0x220
                    0x0220                  _U1MODEbits = 0x220
                    0x0222                  U1STA = 0x222
                    0x0222                  _U1STA = 0x222
                    0x0222                  _U1STAbits = 0x222
                    0x0224                  U1TXREG = 0x224
                    0x0224                  _U1TXREG = 0x224
                    0x0224                  _U1TXREGbits = 0x224
                    0x0226                  U1RXREG = 0x226
                    0x0226                  _U1RXREG = 0x226
                    0x0226                  _U1RXREGbits = 0x226
                    0x0228                  U1BRG = 0x228
                    0x0228                  _U1BRG = 0x228
                    0x0240                  SPI1STAT = 0x240
                    0x0240                  _SPI1STAT = 0x240
                    0x0240                  _SPI1STATbits = 0x240
                    0x0242                  SPI1CON1 = 0x242
                    0x0242                  _SPI1CON1 = 0x242
                    0x0242                  _SPI1CON1bits = 0x242
                    0x0244                  SPI1CON2 = 0x244
                    0x0244                  _SPI1CON2 = 0x244
                    0x0244                  _SPI1CON2bits = 0x244
                    0x0248                  SPI1BUF = 0x248
                    0x0248                  _SPI1BUF = 0x248
                    0x02c0                  TRISA = 0x2c0
                    0x02c0                  _TRISA = 0x2c0
                    0x02c0                  _TRISAbits = 0x2c0
                    0x02c2                  PORTA = 0x2c2
                    0x02c2                  _PORTA = 0x2c2
                    0x02c2                  _PORTAbits = 0x2c2
                    0x02c4                  LATA = 0x2c4
                    0x02c4                  _LATA = 0x2c4
                    0x02c4                  _LATAbits = 0x2c4
                    0x02c6                  ODCA = 0x2c6
                    0x02c6                  _ODCA = 0x2c6
                    0x02c6                  _ODCAbits = 0x2c6
                    0x02c8                  TRISB = 0x2c8
                    0x02c8                  _TRISB = 0x2c8
                    0x02c8                  _TRISBbits = 0x2c8
                    0x02ca                  PORTB = 0x2ca
                    0x02ca                  _PORTB = 0x2ca
                    0x02ca                  _PORTBbits = 0x2ca
                    0x02cc                  LATB = 0x2cc
                    0x02cc                  _LATB = 0x2cc
                    0x02cc                  _LATBbits = 0x2cc
                    0x02ce                  ODCB = 0x2ce
                    0x02ce                  _ODCB = 0x2ce
                    0x02ce                  _ODCBbits = 0x2ce
                    0x0300                  ADC1BUF0 = 0x300
                    0x0300                  _ADC1BUF0 = 0x300
                    0x0300                  ADCBUF0 = 0x300
                    0x0300                  _ADCBUF0 = 0x300
                    0x0302                  ADC1BUF1 = 0x302
                    0x0302                  _ADC1BUF1 = 0x302
                    0x0302                  ADCBUF1 = 0x302
                    0x0302                  _ADCBUF1 = 0x302
                    0x0304                  ADC1BUF2 = 0x304
                    0x0304                  _ADC1BUF2 = 0x304
                    0x0304                  ADCBUF2 = 0x304
                    0x0304                  _ADCBUF2 = 0x304
                    0x0306                  ADC1BUF3 = 0x306
                    0x0306                  _ADC1BUF3 = 0x306
                    0x0306                  ADCBUF3 = 0x306
                    0x0306                  _ADCBUF3 = 0x306
                    0x0308                  ADC1BUF4 = 0x308
                    0x0308                  _ADC1BUF4 = 0x308
                    0x0308                  ADCBUF4 = 0x308
                    0x0308                  _ADCBUF4 = 0x308
                    0x030a                  ADC1BUF5 = 0x30a
                    0x030a                  _ADC1BUF5 = 0x30a
                    0x030a                  ADCBUF5 = 0x30a
                    0x030a                  _ADCBUF5 = 0x30a
                    0x030c                  ADC1BUF6 = 0x30c
                    0x030c                  _ADC1BUF6 = 0x30c
                    0x030c                  ADCBUF6 = 0x30c
                    0x030c                  _ADCBUF6 = 0x30c
                    0x030e                  ADC1BUF7 = 0x30e
                    0x030e                  _ADC1BUF7 = 0x30e
                    0x030e                  ADCBUF7 = 0x30e
                    0x030e                  _ADCBUF7 = 0x30e
                    0x0310                  ADC1BUF8 = 0x310
                    0x0310                  _ADC1BUF8 = 0x310
                    0x0310                  ADCBUF8 = 0x310
                    0x0310                  _ADCBUF8 = 0x310
                    0x0312                  ADC1BUF9 = 0x312
                    0x0312                  _ADC1BUF9 = 0x312
                    0x0312                  ADCBUF9 = 0x312
                    0x0312                  _ADCBUF9 = 0x312
                    0x0314                  ADC1BUFA = 0x314
                    0x0314                  _ADC1BUFA = 0x314
                    0x0314                  ADCBUFA = 0x314
                    0x0314                  _ADCBUFA = 0x314
                    0x0316                  ADC1BUFB = 0x316
                    0x0316                  _ADC1BUFB = 0x316
                    0x0316                  ADCBUFB = 0x316
                    0x0316                  _ADCBUFB = 0x316
                    0x0318                  ADC1BUFC = 0x318
                    0x0318                  _ADC1BUFC = 0x318
                    0x0318                  ADCBUFC = 0x318
                    0x0318                  _ADCBUFC = 0x318
                    0x031a                  ADC1BUFD = 0x31a
                    0x031a                  _ADC1BUFD = 0x31a
                    0x031a                  ADCBUFD = 0x31a
                    0x031a                  _ADCBUFD = 0x31a
                    0x031c                  ADC1BUFE = 0x31c
                    0x031c                  _ADC1BUFE = 0x31c
                    0x031c                  ADCBUFE = 0x31c
                    0x031c                  _ADCBUFE = 0x31c
                    0x031e                  ADC1BUFF = 0x31e
                    0x031e                  _ADC1BUFF = 0x31e
                    0x031e                  ADCBUFF = 0x31e
                    0x031e                  _ADCBUFF = 0x31e
                    0x0320                  AD1CON1 = 0x320
                    0x0320                  _AD1CON1 = 0x320
                    0x0320                  _AD1CON1bits = 0x320
                    0x0322                  AD1CON2 = 0x322
                    0x0322                  _AD1CON2 = 0x322
                    0x0322                  _AD1CON2bits = 0x322
                    0x0324                  AD1CON3 = 0x324
                    0x0324                  _AD1CON3 = 0x324
                    0x0324                  _AD1CON3bits = 0x324
                    0x0326                  AD1CHS123 = 0x326
                    0x0326                  _AD1CHS123 = 0x326
                    0x0326                  _AD1CHS123bits = 0x326
                    0x0328                  AD1CHS0 = 0x328
                    0x0328                  _AD1CHS0 = 0x328
                    0x0328                  _AD1CHS0bits = 0x328
                    0x032c                  AD1PCFGL = 0x32c
                    0x032c                  _AD1PCFGL = 0x32c
                    0x032c                  _AD1PCFGLbits = 0x32c
                    0x032c                  ADPCFG = 0x32c
                    0x032c                  _ADPCFG = 0x32c
                    0x032c                  _ADPCFGbits = 0x32c
                    0x0330                  AD1CSSL = 0x330
                    0x0330                  _AD1CSSL = 0x330
                    0x0330                  _AD1CSSLbits = 0x330
                    0x0680                  RPINR0 = 0x680
                    0x0680                  _RPINR0 = 0x680
                    0x0680                  _RPINR0bits = 0x680
                    0x0682                  RPINR1 = 0x682
                    0x0682                  _RPINR1 = 0x682
                    0x0682                  _RPINR1bits = 0x682
                    0x0686                  RPINR3 = 0x686
                    0x0686                  _RPINR3 = 0x686
                    0x0686                  _RPINR3bits = 0x686
                    0x068e                  RPINR7 = 0x68e
                    0x068e                  _RPINR7 = 0x68e
                    0x068e                  _RPINR7bits = 0x68e
                    0x0694                  RPINR10 = 0x694
                    0x0694                  _RPINR10 = 0x694
                    0x0694                  _RPINR10bits = 0x694
                    0x0696                  RPINR11 = 0x696
                    0x0696                  _RPINR11 = 0x696
                    0x0696                  _RPINR11bits = 0x696
                    0x06a4                  RPINR18 = 0x6a4
                    0x06a4                  _RPINR18 = 0x6a4
                    0x06a4                  _RPINR18bits = 0x6a4
                    0x06a8                  RPINR20 = 0x6a8
                    0x06a8                  _RPINR20 = 0x6a8
                    0x06a8                  _RPINR20bits = 0x6a8
                    0x06aa                  RPINR21 = 0x6aa
                    0x06aa                  _RPINR21 = 0x6aa
                    0x06aa                  _RPINR21bits = 0x6aa
                    0x06c0                  RPOR0 = 0x6c0
                    0x06c0                  _RPOR0 = 0x6c0
                    0x06c0                  _RPOR0bits = 0x6c0
                    0x06c2                  RPOR1 = 0x6c2
                    0x06c2                  _RPOR1 = 0x6c2
                    0x06c2                  _RPOR1bits = 0x6c2
                    0x06c4                  RPOR2 = 0x6c4
                    0x06c4                  _RPOR2 = 0x6c4
                    0x06c4                  _RPOR2bits = 0x6c4
                    0x06c6                  RPOR3 = 0x6c6
                    0x06c6                  _RPOR3 = 0x6c6
                    0x06c6                  _RPOR3bits = 0x6c6
                    0x06c8                  RPOR4 = 0x6c8
                    0x06c8                  _RPOR4 = 0x6c8
                    0x06c8                  _RPOR4bits = 0x6c8
                    0x06ca                  RPOR5 = 0x6ca
                    0x06ca                  _RPOR5 = 0x6ca
                    0x06ca                  _RPOR5bits = 0x6ca
                    0x06cc                  RPOR6 = 0x6cc
                    0x06cc                  _RPOR6 = 0x6cc
                    0x06cc                  _RPOR6bits = 0x6cc
                    0x06ce                  RPOR7 = 0x6ce
                    0x06ce                  _RPOR7 = 0x6ce
                    0x06ce                  _RPOR7bits = 0x6ce
                    0x0740                  RCON = 0x740
                    0x0740                  _RCON = 0x740
                    0x0740                  _RCONbits = 0x740
                    0x0742                  OSCCON = 0x742
                    0x0742                  _OSCCON = 0x742
                    0x0742                  _OSCCONbits = 0x742
                    0x0742                  OSCCONL = 0x742
                    0x0742                  _OSCCONL = 0x742
                    0x0743                  OSCCONH = 0x743
                    0x0743                  _OSCCONH = 0x743
                    0x0744                  CLKDIV = 0x744
                    0x0744                  _CLKDIV = 0x744
                    0x0744                  _CLKDIVbits = 0x744
                    0x0746                  PLLFBD = 0x746
                    0x0746                  _PLLFBD = 0x746
                    0x0746                  _PLLFBDbits = 0x746
                    0x0748                  OSCTUN = 0x748
                    0x0748                  _OSCTUN = 0x748
                    0x0748                  _OSCTUNbits = 0x748
                    0x0760                  NVMCON = 0x760
                    0x0760                  _NVMCON = 0x760
                    0x0760                  _NVMCONbits = 0x760
                    0x0766                  NVMKEY = 0x766
                    0x0766                  _NVMKEY = 0x766
                    0x0770                  PMD1 = 0x770
                    0x0770                  _PMD1 = 0x770
                    0x0770                  _PMD1bits = 0x770
                    0x0772                  PMD2 = 0x772
                    0x0772                  _PMD2 = 0x772
                    0x0772                  _PMD2bits = 0x772
                    0x0022                  ACCA = 0x22
                    0x0022                  _ACCA = 0x22
                    0x0028                  ACCB = 0x28
                    0x0028                  _ACCB = 0x28
                    0x0140                  IC1 = 0x140
                    0x0140                  _IC1 = 0x140
                    0x0144                  IC2 = 0x144
                    0x0144                  _IC2 = 0x144
                    0x0158                  IC7 = 0x158
                    0x0158                  _IC7 = 0x158
                    0x015c                  IC8 = 0x15c
                    0x015c                  _IC8 = 0x15c
                    0x0180                  OC1 = 0x180
                    0x0180                  _OC1 = 0x180
                    0x0186                  OC2 = 0x186
                    0x0186                  _OC2 = 0x186
                    0x0240                  SPI1 = 0x240
                    0x0240                  _SPI1 = 0x240
                    0x0220                  UART1 = 0x220
                    0x0220                  _UART1 = 0x220
START GROUP
LOAD c:/program files (x86)/microchip/xc16/v1.50/bin/bin/../../lib\liblega-pic30-elf.a
LOAD c:/program files (x86)/microchip/xc16/v1.50/bin/bin/../../lib\libm-elf.a
LOAD c:/program files (x86)/microchip/xc16/v1.50/bin/bin/../../lib\liblega-c-elf.a
END GROUP
OUTPUT(dist/default/production/LCD.X.production.elf elf32-pic30)
LOAD /CW/_FGS°Õ
LOAD /CW/_FBS€¥
LOAD jump_table
LOAD default_isr
LOAD data_init

.debug_pubtypes
                  0x000030         0x92
 .debug_pubtypes
                  0x000030         0x2b build/default/production/LABO5_LCD.o
 .debug_pubtypes
                  0x00005b         0x67 build/default/production/xlcd.o

__c30_signature
                  0x0000c2         0xfc
 __c30_signature
                  0x0000c2          0x6 build/default/production/LABO5_LCD.o
 __c30_signature
                  0x0000c8          0x6 build/default/production/xlcd.o
 __c30_signature
                  0x0000ce          0x6 c:/program files (x86)/microchip/xc16/v1.50/bin/bin/../../lib\liblega-pic30-elf.a(crt0_standard.o)
 __c30_signature
                  0x0000d4          0x6 c:/program files (x86)/microchip/xc16/v1.50/bin/bin/../../lib\liblega-pic30-elf.a(data_init_standard.o)
 __c30_signature
                  0x0000da          0x6 c:/program files (x86)/microchip/xc16/v1.50/bin/bin/../../lib\liblega-pic30-elf.a(delay32.Leo)
 __c30_signature
                  0x0000e0          0x6 c:/program files (x86)/microchip/xc16/v1.50/bin/bin/../../lib\liblega-c-elf.a(sprintf_cdfFnopuxX.XXeo)
 __c30_signature
                  0x0000e6          0x6 c:/program files (x86)/microchip/xc16/v1.50/bin/bin/../../lib\liblega-c-elf.a(memcpy.XX_eo)
 __c30_signature
                  0x0000ec          0x6 c:/program files (x86)/microchip/xc16/v1.50/bin/bin/../../lib\liblega-c-elf.a(strchr.XX_eo)
 __c30_signature
                  0x0000f2          0x6 c:/program files (x86)/microchip/xc16/v1.50/bin/bin/../../lib\liblega-c-elf.a(xputtxt.XX_eo)
 __c30_signature
                  0x0000f8          0x6 c:/program files (x86)/microchip/xc16/v1.50/bin/bin/../../lib\liblega-c-elf.a(xvacopy.XX_eo)
 __c30_signature
                  0x0000fe          0x6 c:/program files (x86)/microchip/xc16/v1.50/bin/bin/../../lib\liblega-c-elf.a(xprintf_cdfFnopuxX.XXeo)
 __c30_signature
                  0x000104          0x6 c:/program files (x86)/microchip/xc16/v1.50/bin/bin/../../lib\liblega-c-elf.a(xputfld_cdfFnopuxX.XXeo)
 __c30_signature
                  0x00010a          0x6 c:/program files (x86)/microchip/xc16/v1.50/bin/bin/../../lib\liblega-c-elf.a(xldtob_cdfFnopuxX.XXeo)
 __c30_signature
                  0x000110          0x6 c:/program files (x86)/microchip/xc16/v1.50/bin/bin/../../lib\liblega-c-elf.a(xgenld_cdfFnopuxX.XXeo)
 __c30_signature
                  0x000116          0x6 c:/program files (x86)/microchip/xc16/v1.50/bin/bin/../../lib\liblega-c-elf.a(div.XX_eo)
 __c30_signature
                  0x00011c          0x6 c:/program files (x86)/microchip/xc16/v1.50/bin/bin/../../lib\liblega-c-elf.a(ldiv.XX_eo)
 __c30_signature
                  0x000122          0x6 c:/program files (x86)/microchip/xc16/v1.50/bin/bin/../../lib\liblega-c-elf.a(xldunsca.XX_eo)
 __c30_signature
                  0x000128          0x6 c:/program files (x86)/microchip/xc16/v1.50/bin/bin/../../lib\liblega-c-elf.a(xlitob.XX_eo)
 __c30_signature
                  0x00012e          0x6 c:/program files (x86)/microchip/xc16/v1.50/bin/bin/../../lib\liblega-c-elf.a(xdnorm.XX_elo)
 __c30_signature
                  0x000134          0x6 c:/program files (x86)/microchip/xc16/v1.50/bin/bin/../../lib\libm-elf.a(deqltle.eo)
 __c30_signature
                  0x00013a          0x6 c:/program files (x86)/microchip/xc16/v1.50/bin/bin/../../lib\libm-elf.a(dgtge.eo)
 __c30_signature
                  0x000140          0x6 c:/program files (x86)/microchip/xc16/v1.50/bin/bin/../../lib\libm-elf.a(divdf3.eo)
 __c30_signature
                  0x000146          0x6 c:/program files (x86)/microchip/xc16/v1.50/bin/bin/../../lib\libm-elf.a(divsi3.eo)
 __c30_signature
                  0x00014c          0x6 c:/program files (x86)/microchip/xc16/v1.50/bin/bin/../../lib\libm-elf.a(dpack.eo)
 __c30_signature
                  0x000152          0x6 c:/program files (x86)/microchip/xc16/v1.50/bin/bin/../../lib\libm-elf.a(dunpack2.eo)
 __c30_signature
                  0x000158          0x6 c:/program files (x86)/microchip/xc16/v1.50/bin/bin/../../lib\libm-elf.a(extendsfdf.eo)
 __c30_signature
                  0x00015e          0x6 c:/program files (x86)/microchip/xc16/v1.50/bin/bin/../../lib\libm-elf.a(fixdfsi.eo)
 __c30_signature
                  0x000164          0x6 c:/program files (x86)/microchip/xc16/v1.50/bin/bin/../../lib\libm-elf.a(floatsidf.eo)
 __c30_signature
                  0x00016a          0x6 c:/program files (x86)/microchip/xc16/v1.50/bin/bin/../../lib\libm-elf.a(funpack.eo)
 __c30_signature
                  0x000170          0x6 c:/program files (x86)/microchip/xc16/v1.50/bin/bin/../../lib\libm-elf.a(muldf3.eo)
 __c30_signature
                  0x000176          0x6 c:/program files (x86)/microchip/xc16/v1.50/bin/bin/../../lib\libm-elf.a(subdf3.eo)
 __c30_signature
                  0x00017c          0x6 c:/program files (x86)/microchip/xc16/v1.50/bin/bin/../../lib\libm-elf.a(udivsi3.eo)
 __c30_signature
                  0x000182          0x6 c:/program files (x86)/microchip/xc16/v1.50/bin/bin/../../lib\libm-elf.a(umodsi3.eo)
 __c30_signature
                  0x000188          0x6 c:/program files (x86)/microchip/xc16/v1.50/bin/bin/../../lib\libm-elf.a(mulsi3.eo)
 __c30_signature
                  0x00018e          0x6 c:/program files (x86)/microchip/xc16/v1.50/bin/bin/../../lib\libm-elf.a(divmoddi3.eo)
 __c30_signature
                  0x000194          0x6 c:/program files (x86)/microchip/xc16/v1.50/bin/bin/../../lib\libm-elf.a(adddf3.eo)
 __c30_signature
                  0x00019a          0x6 c:/program files (x86)/microchip/xc16/v1.50/bin/bin/../../lib\libm-elf.a(dcompare.eo)
 __c30_signature
                  0x0001a0          0x6 c:/program files (x86)/microchip/xc16/v1.50/bin/bin/../../lib\libm-elf.a(dpropagateNaN.eo)
 __c30_signature
                  0x0001a6          0x6 c:/program files (x86)/microchip/xc16/v1.50/bin/bin/../../lib\libm-elf.a(dtype.eo)
 __c30_signature
                  0x0001ac          0x6 c:/program files (x86)/microchip/xc16/v1.50/bin/bin/../../lib\libm-elf.a(dunpack.eo)
 __c30_signature
                  0x0001b2          0x6 c:/program files (x86)/microchip/xc16/v1.50/bin/bin/../../lib\libm-elf.a(floatdidf.eo)
 __c30_signature
                  0x0001b8          0x6 c:/program files (x86)/microchip/xc16/v1.50/bin/bin/../../lib\libm-elf.a(floatundidf.eo)

.ndata              0x0800          0x2
 .ndata             0x0800          0x2 build/default/production/xlcd.o
                    0x0800                  _control_dis_cusor

.data               0x0802         0x96
 .data              0x0802         0x58 c:/program files (x86)/microchip/xc16/v1.50/bin/bin/../../lib\liblega-c-elf.a(xldtob_cdfFnopuxX.XXeo)
 .data              0x085a         0x22 c:/program files (x86)/microchip/xc16/v1.50/bin/bin/../../lib\liblega-c-elf.a(xlitob.XX_eo)
 .data              0x087c         0x1a c:/program files (x86)/microchip/xc16/v1.50/bin/bin/../../lib\liblega-c-elf.a(xprintf_cdfFnopuxX.XXeo)
 .data              0x0896          0x2 c:/program files (x86)/microchip/xc16/v1.50/bin/bin/../../lib\liblega-c-elf.a(xgenld_cdfFnopuxX.XXeo)

.config_JTAGEN    0xf8000e          0x2
 .config_JTAGEN
                  0xf8000e          0x2 build/default/production/LABO5_LCD.o

.config_ALTI2C    0xf8000c          0x2
 .config_ALTI2C
                  0xf8000c          0x2 build/default/production/LABO5_LCD.o

.config_FWDTEN    0xf8000a          0x2
 .config_FWDTEN
                  0xf8000a          0x2 build/default/production/LABO5_LCD.o

.config_FCKSM     0xf80008          0x2
 .config_FCKSM    0xf80008          0x2 build/default/production/LABO5_LCD.o

.config_IESO      0xf80006          0x2
 .config_IESO     0xf80006          0x2 build/default/production/LABO5_LCD.o

.const              0x983e         0x54 load address 0x00183e  
 .const             0x983e         0x4e build/default/production/LABO5_LCD.o
 .const             0x988c          0x6 build/default/production/xlcd.o

.text             0x001892        0x560
 .text            0x001892        0x46c build/default/production/xlcd.o
                  0x001892                  _Delay_1us
                  0x00189e                  _DelayPORXLCD
                  0x0018aa                  _DelayXLCD
                  0x0018b6                  _DelayExecution
                  0x0018c2                  _LCD_setCursor
                  0x0018e8                  _LCDInit
                  0x001908                  _LCD_WriteChr_CGRAM
                  0x001938                  _OpenXLCD
                  0x0019f4                  _SetCGRamAddr
                  0x001a54                  _SetDDRamAddr
                  0x001ab4                  _BusyXLCD
                  0x001aea                  _ReadAddrXLCD
                  0x001b28                  _ReadDataXLCD
                  0x001b66                  _WriteCmdXLCD
                  0x001bc2                  _WriteDataXLCD
                  0x001c20                  _LCD_print
                  0x001c3a                  _LCD_printInt
                  0x001c54                  _LCD_printFloat
                  0x001c72                  _LCD_shiftToRight
                  0x001c8e                  _LCD_shiftToLeft
                  0x001caa                  _LCD_cursorOn
                  0x001cba                  _LCD_cursorOff
                  0x001cca                  _LCD_clear
                  0x001cd4                  _LCD_cursorBlinkOn
                  0x001ce4                  _LCD_cursorBlinkOff
                  0x001cf4                  _LCD_setHome
 .text            0x001cfe         0xf4 build/default/production/LABO5_LCD.o
                  0x001cfe                  _main

.dinit            0x001df2         0x8a
 .dinit           0x001df2         0x8a data_init

.init.delay32     0x001e7c         0x1c
 .init.delay32    0x001e7c         0x1c c:/program files (x86)/microchip/xc16/v1.50/bin/bin/../../lib\liblega-pic30-elf.a(delay32.Leo)
                  0x001e7c                  ___delay32
